test: 0		(0x0x0)	0.0010025501251220703 seconds	88 bytes
test: 1		(0x0x0)	0.0010035037994384766 seconds	88 bytes
test: 2		(0x0x0)	0.0010046958923339844 seconds	88 bytes
test: 3		(0x0x0)	0.0010001659393310547 seconds	88 bytes
test: 4		(0x0x0)	0.0010027885437011719 seconds	88 bytes
test: 5		(0x0x0)	0.0 seconds	88 bytes
test: 6		(0x0x0)	0.0 seconds	88 bytes
test: 7		(0x0x0)	0.0010037422180175781 seconds	88 bytes
test: 8		(0x0x0)	0.0010018348693847656 seconds	88 bytes
test: 9		(0x0x0)	0.0 seconds	88 bytes


	average time: 0.0007019281387329101	average size: 88.0